The x-array passed contains 1 elements
The y-array passed contains 1 elements
max_count: 1
float(-1)